<h1>Test</h1>

<p>
	Here are some combinations to confuse the parser:
	<kbd>foo</kbd> [[
	<kbd>bar</kbd> ]] hey
	<kbd>this</kbd> [[ <kbd>and that</kbd>
	<kbd>that</kbd> ]] <kbd>and this</kbd>
	[[ <em>some markup</em> [[ <code>more markup</code> <kbd>valid</kbd> <strong>even more</strong>
	[[
	[[<em>test</em>
</p>
