<h1>Test</h1>

<p>
	This combination is cool: <kbd>alt</kbd>+<kbd>f4</kbd>.
</p>
