<h1>Test</h1>

<p>
	This combination is cool: <kbd>alt</kbd>+<kbd>f4</kbd>. Plus a [[wiki link]] to check collisions.
</p>
