<h1>Test</h1>

<p>
	This combination is cool: <kbd>alt</kbd>+<kbd>f4</kbd>. This link still works: <a href="http://google.com">Google</a>.
</p>
