<h1>Test</h1>
<p>We can do markup within tags: <kbd><em>i</em></kbd> <kbd><code>foo</code></kbd>.</p>
