<h1>Test</h1>
<p>This combination is cool and has custom data: <kbd data-custom="foo">alt</kbd>+<kbd data-custom="bar">f4</kbd>.</p>
<p>This combination is very important: <kbd class="important">ctrl</kbd>+<kbd class="important">v</kbd>.</p>
